## Falla declarada: un refresh que responde despues del logout vuelve a guardar la sesion
Cambio: runRefresh ya no compara la epoca de la sesion antes de persistir la respuesta.
 src/campusops/application/sessionManager.ts | 10 ----------
 1 file changed, 10 deletions(-)

$ npm run typecheck
  codigo de salida: 0

$ npm run lint
  codigo de salida: 0

$ npm test -- --ci --runInBand course-tests/public/week-06.test.ts
Tests:       2 passed, 2 total
  codigo de salida: 0

$ npm run test:session
  ● failed, unavailable and obsolete refresh › a refresh that answers after logout is obsolete and does not restore the session
    Received: {"accessToken": "fixture-access-gen-2", "actorId": "reporter-1", "expiresAt": 1060000, "generation": 2, "refreshToken": "fixture-refresh-gen-2", "role": "reporter"}
Tests:       1 failed, 40 passed, 41 total
  codigo de salida: 1

Commit de la falla: 803fb981aba50cc5c4be7123784b548bfce54207
Commit de la correccion: c303492ba47cc895df024685f0d548299e203727

## Resultado corregido
$ npm run typecheck
  codigo de salida: 0
$ npm run lint
  codigo de salida: 0
$ npm run test:session
Tests:       41 passed, 41 total
  codigo de salida: 0
$ npm run audit:ci
  codigo de salida: 0 (tras actualizar shell-quote a 1.12.0)
