# AC-03 declared failure 01 — credential committed to the repository

Fictional data only. No real credential was ever used.

## Diagnosis — broken state

$ npm run test:security
    × no tracked file matches a known credential pattern (30 ms)
    +   "src/config/backendConfig.ts:public_secret_name",
    > 189 |     expect(hits).toEqual([]);
Test Suites: 1 failed, 1 total
Tests:       1 failed, 10 passed, 11 total
exit code: 1

$ python tools/course_public_evaluator.py --week 3 --mode verify
status: fail
 - base_files pass missing=[]
 - react_native_profile pass missing packages=[]
 - toolchain_scripts pass missing scripts=[]
 - workflow_integrity pass bypass markers=[]
 - secret_scan fail hits=['src\\config\\backendConfig.ts:public_secret_name']
exit code: 1

## Corrected result

Fix: the hardcoded fallback is removed. readBackendApiSecret validates the
value and throws when it is absent or blank; getBackendApiSecret is the only
place that reads the environment. .env.example documents the variable name
with no value and .env stays ignored by git.

$ npm run test:security
    √ the backend secret has no in-repository fallback (6 ms)
    √ no tracked file matches a known credential pattern (27 ms)
Test Suites: 1 passed, 1 total
Tests:       12 passed, 12 total
exit code: 0

$ python tools/course_public_evaluator.py --week 3 --mode verify
status: pass
 - base_files pass missing=[]
 - react_native_profile pass missing packages=[]
 - toolchain_scripts pass missing scripts=[]
 - workflow_integrity pass bypass markers=[]
 - secret_scan pass hits=[]
exit code: 0
